duration,credit_history,purpose,credit_amount,personal_status,age,housing,existing_credits,num_dependents
24,existing paid,used car,5433,female div/dep/mar,26,rent,1,1